[17:47:38] [main/INFO] (FabricLoader/GameProvider) Loading Minecraft 1.20.1 with Fabric Loader 0.17.2
[17:47:38] [main/INFO] (FabricLoader) Loading 61 mods:
	- architectury 9.2.14
	- fabric-api 0.92.6+1.20.1
	- fabric-api-base 0.4.32+1802ada577
	- fabric-api-lookup-api-v1 1.6.37+1802ada577
	- fabric-biome-api-v1 13.0.14+1802ada577
	- fabric-block-api-v1 1.0.12+1802ada577
	- fabric-block-view-api-v2 1.0.3+924f046a77
	- fabric-blockrenderlayer-v1 1.1.42+1802ada577
	- fabric-client-tags-api-v1 1.1.3+1802ada577
	- fabric-command-api-v1 1.2.35+f71b366f77
	- fabric-command-api-v2 2.2.14+1802ada577
	- fabric-commands-v0 0.2.52+df3654b377
	- fabric-containers-v0 0.1.67+df3654b377
	- fabric-content-registries-v0 4.0.13+1802ada577
	- fabric-convention-tags-v1 1.5.6+1802ada577
	- fabric-crash-report-info-v1 0.2.20+1802ada577
	- fabric-data-attachment-api-v1 1.0.2+de0fd6d177
	- fabric-data-generation-api-v1 12.3.7+1802ada577
	- fabric-dimensions-v1 2.1.55+1802ada577
	- fabric-entity-events-v1 1.6.1+1c78457f77
	- fabric-events-interaction-v0 0.6.5+13a40c6677
	- fabric-events-lifecycle-v0 0.2.64+df3654b377
	- fabric-game-rule-api-v1 1.0.41+1802ada577
	- fabric-gametest-api-v1 1.2.15+1802ada577
	- fabric-item-api-v1 2.1.29+1802ada577
	- fabric-item-group-api-v1 4.0.14+1802ada577
	- fabric-key-binding-api-v1 1.0.38+1802ada577
	- fabric-keybindings-v0 0.2.36+df3654b377
	- fabric-lifecycle-events-v1 2.2.23+1802ada577
	- fabric-loot-api-v2 1.2.3+1802ada577
	- fabric-loot-tables-v1 1.1.47+9e7660c677
	- fabric-message-api-v1 5.1.10+1802ada577
	- fabric-mining-level-api-v1 2.1.52+1802ada577
	- fabric-model-loading-api-v1 1.0.4+1802ada577
	- fabric-models-v0 0.4.3+9386d8a777
	- fabric-networking-api-v1 1.3.14+a158aa0477
	- fabric-networking-v0 0.3.54+df3654b377
	- fabric-object-builder-api-v1 11.1.5+e35120df77
	- fabric-particles-v1 1.1.3+1802ada577
	- fabric-recipe-api-v1 1.0.24+1802ada577
	- fabric-registry-sync-v0 2.3.6+1802ada577
	- fabric-renderer-api-v1 3.2.2+1802ada577
	- fabric-renderer-indigo 1.5.3+85287f9f77
	- fabric-renderer-registries-v1 3.2.47+df3654b377
	- fabric-rendering-data-attachment-v1 0.3.39+92a0d36777
	- fabric-rendering-fluids-v1 3.0.29+1802ada577
	- fabric-rendering-v0 1.1.50+df3654b377
	- fabric-rendering-v1 3.0.9+1802ada577
	- fabric-resource-conditions-api-v1 2.3.9+1802ada577
	- fabric-resource-loader-v0 0.11.12+fb82e9d777
	- fabric-screen-api-v1 2.0.9+1802ada577
	- fabric-screen-handler-api-v1 1.3.33+1802ada577
	- fabric-sound-api-v1 1.0.14+1802ada577
	- fabric-transfer-api-v1 3.3.6+8dd72ea377
	- fabric-transitive-access-wideners-v1 4.3.2+1802ada577
	- fabricloader 0.17.2
	- generated_35e582f 1.0.0
	- java 21
	- minecraft 1.20.1
	- mixinextras 0.5.0
	- unilib 0.1-ALPHA
[17:47:38] [main/INFO] (FabricLoader/Mixin) SpongePowered MIXIN Subsystem Version=0.8.7 Source=file:/home/copi/.gradle/caches/modules-2/files-2.1/net.fabricmc/sponge-mixin/0.16.3+mixin.0.8.7/3e535042688d1265447e52ad86950b7d9678a5fa/sponge-mixin-0.16.3+mixin.0.8.7.jar Service=Knot/Fabric Env=CLIENT
[17:47:38] [main/INFO] (FabricLoader/Mixin) Loaded Fabric development mappings for mixin remapper!
[17:47:38] [main/INFO] (FabricLoader/Mixin) Compatibility level set to JAVA_16
[17:47:38] [main/INFO] (FabricLoader/Mixin) Compatibility level set to JAVA_21
[17:47:38] [main/INFO] (FabricLoader/MixinExtras|Service) Initializing MixinExtras via com.llamalad7.mixinextras.service.MixinExtrasServiceImpl(version=0.5.0).
[17:47:40] [Datafixer Bootstrap/INFO] (Minecraft) 188 Datafixer optimizations took 50 milliseconds
[17:47:41] [Render thread/INFO] (Minecraft) Environment: authHost='https://authserver.mojang.com', accountsHost='https://api.mojang.com', sessionHost='https://sessionserver.mojang.com', servicesHost='https://api.minecraftservices.com', name='PROD'
[17:47:46] [Render thread/ERROR] (Minecraft) Failed to verify authentication
com.mojang.authlib.exceptions.InvalidCredentialsException: Status: 401
	at com.mojang.authlib.exceptions.MinecraftClientHttpException.toAuthenticationException(MinecraftClientHttpException.java:56) ~[authlib-4.0.43.jar:?]
	at com.mojang.authlib.yggdrasil.YggdrasilUserApiService.fetchProperties(YggdrasilUserApiService.java:156) ~[authlib-4.0.43.jar:?]
	at com.mojang.authlib.yggdrasil.YggdrasilUserApiService.<init>(YggdrasilUserApiService.java:55) ~[authlib-4.0.43.jar:?]
	at com.mojang.authlib.yggdrasil.YggdrasilAuthenticationService.createUserApiService(YggdrasilAuthenticationService.java:124) ~[authlib-4.0.43.jar:?]
	at net.minecraft.client.Minecraft.createUserApiService(Minecraft.java:733) ~[minecraft-merged-9b38c06a74-1.20.1-loom.mappings.1_20_1.layered+hash.40545-v2.jar:?]
	at net.minecraft.client.Minecraft.<init>(Minecraft.java:442) ~[minecraft-merged-9b38c06a74-1.20.1-loom.mappings.1_20_1.layered+hash.40545-v2.jar:?]
	at net.minecraft.client.main.Main.main(Main.java:211) ~[minecraft-merged-9b38c06a74-1.20.1-loom.mappings.1_20_1.layered+hash.40545-v2.jar:?]
	at net.fabricmc.loader.impl.game.minecraft.MinecraftGameProvider.launch(MinecraftGameProvider.java:506) ~[fabric-loader-0.17.2.jar:?]
	at net.fabricmc.loader.impl.launch.knot.Knot.launch(Knot.java:72) ~[fabric-loader-0.17.2.jar:?]
	at net.fabricmc.loader.impl.launch.knot.KnotClient.main(KnotClient.java:23) ~[fabric-loader-0.17.2.jar:?]
	at net.fabricmc.devlaunchinjector.Main.main(Main.java:86) ~[dev-launch-injector-0.2.1+build.8.jar:?]
	at dev.architectury.transformer.TransformerRuntime.main(TransformerRuntime.java:220) ~[architectury-transformer-5.2.87-runtime.jar:?]
Caused by: com.mojang.authlib.exceptions.MinecraftClientHttpException: Status: 401
	at com.mojang.authlib.minecraft.client.MinecraftClient.readInputStream(MinecraftClient.java:85) ~[authlib-4.0.43.jar:?]
	at com.mojang.authlib.minecraft.client.MinecraftClient.get(MinecraftClient.java:48) ~[authlib-4.0.43.jar:?]
	at com.mojang.authlib.yggdrasil.YggdrasilUserApiService.fetchProperties(YggdrasilUserApiService.java:129) ~[authlib-4.0.43.jar:?]
	... 10 more
[17:47:46] [Render thread/INFO] (Minecraft) Setting user: Player287
[17:47:46] [Render thread/INFO] (UnilibClientHooks) Initialized UnilibClientHooks for mod 'unilib'.
[17:47:46] [Render thread/INFO] (Minecraft) [STDOUT]: [Unilib] Initialized mod with ID: unilib
[17:47:46] [Render thread/INFO] (Minecraft) [STDOUT]: [Unilib] Adding: secretname
[17:47:46] [Render thread/INFO] (Minecraft) [STDOUT]: [Unilib] [BLOCK] Registered: secretname (Display: secretname)
[17:47:46] [Render thread/INFO] (Minecraft) [STDOUT]: [Unilib] Adding: secretitem
[17:47:46] [Render thread/INFO] (Minecraft) [STDOUT]: [Unilib] [ITEM] Registered: secretitem (Display: secretitem)
[17:47:46] [Render thread/INFO] (Minecraft) [STDOUT]: [Unilib] Adding: stair_block
[17:47:46] [Render thread/INFO] (Minecraft) [STDOUT]: [Unilib] [BLOCK] Registered: stair_block (Display: stair_block)
[17:47:46] [ForkJoinPool.commonPool-worker-3/INFO] (UnilibClientHooks) Using custom block model for 'stair_block'.
[17:47:46] [ForkJoinPool.commonPool-worker-1/INFO] (Minecraft) [STDOUT]: [Unilib] Writing block model JSON: /home/copi/IdeaProjects/UniLib/fabric/run/resourcepacks/UnilibGenerated/assets/unilib/models/block/secretname.json
[17:47:46] [ForkJoinPool.commonPool-worker-2/INFO] (UnilibClientHooks) Resource generation finished for item 'secretitem'.
[17:47:46] [ForkJoinPool.commonPool-worker-3/INFO] (Minecraft) [STDOUT]: [Unilib] Generated block from custom model: stair_block
[17:47:46] [ForkJoinPool.commonPool-worker-1/INFO] (UnilibClientHooks) Resource generation finished for block 'secretname'.
[17:47:46] [ForkJoinPool.commonPool-worker-3/INFO] (UnilibClientHooks) Resource generation finished for block 'stair_block'.
[17:47:46] [Render thread/INFO] (Indigo) [Indigo] Registering Indigo renderer!
[17:47:46] [Render thread/INFO] (NetworkManagerImpl) Registering S2C receiver with id architectury:spawn_entity_packet
[17:47:47] [Render thread/INFO] (Minecraft) Backend library: LWJGL version 3.3.2-snapshot
[17:47:47] [Render thread/INFO] (Minecraft) [STDERR]: [LWJGL] [ThreadLocalUtil] Unsupported JNI version detected, this may result in a crash. Please inform LWJGL developers.
[17:47:47] [Render thread/INFO] (Minecraft) Reloading ResourceManager: vanilla, fabric (fabric-mining-level-api-v1, fabric-screen-api-v1, unilib, fabric-item-group-api-v1, fabric-api-lookup-api-v1, fabric-biome-api-v1, fabric-entity-events-v1, fabric-blockrenderlayer-v1, fabric-sound-api-v1, fabric-api, fabric-rendering-data-attachment-v1, fabric-particles-v1, fabric-recipe-api-v1, fabric-networking-api-v1, fabric-resource-conditions-api-v1, fabric-command-api-v2, fabric-rendering-v0, fabric-crash-report-info-v1, fabric-game-rule-api-v1, fabric-object-builder-api-v1, fabric-rendering-fluids-v1, fabric-transitive-access-wideners-v1, fabric-networking-v0, fabric-renderer-indigo, fabric-containers-v0, fabric-command-api-v1, fabric-rendering-v1, fabric-data-attachment-api-v1, fabric-message-api-v1, fabric-events-lifecycle-v0, fabric-item-api-v1, fabric-renderer-registries-v1, fabric-block-view-api-v2, fabric-dimensions-v1, fabric-screen-handler-api-v1, fabric-loot-tables-v1, fabric-loot-api-v2, fabricloader, fabric-keybindings-v0, fabric-commands-v0, fabric-key-binding-api-v1, fabric-gametest-api-v1, fabric-api-base, fabric-content-registries-v0, fabric-models-v0, fabric-renderer-api-v1, fabric-lifecycle-events-v1, fabric-data-generation-api-v1, fabric-model-loading-api-v1, fabric-block-api-v1, fabric-transfer-api-v1, fabric-client-tags-api-v1, fabric-convention-tags-v1, fabric-resource-loader-v0, fabric-events-interaction-v0, fabric-registry-sync-v0), file/UnilibGenerated
[17:47:47] [Worker-Main-9/INFO] (Minecraft) Found unifont_all_no_pua-15.0.06.hex, loading
[17:47:47] [Realms Notification Availability checker #1/INFO] (Minecraft) Could not authorize you against Realms server: java.lang.RuntimeException: Failed to parse into SignedJWT: FabricMC
[17:47:48] [Render thread/WARN] (Minecraft) Missing sound for event: minecraft:item.goat_horn.play
[17:47:48] [Render thread/WARN] (Minecraft) Missing sound for event: minecraft:entity.goat.screaming.horn_break
[17:47:48] [Render thread/INFO] (Minecraft) OpenAL initialized on device Family 17h/19h/1ah HD Audio Controller Analog Stereo
[17:47:48] [Render thread/INFO] (Minecraft) Sound engine started
[17:47:48] [Render thread/INFO] (Minecraft) Created: 1024x512x4 minecraft:textures/atlas/blocks.png-atlas
[17:47:48] [Render thread/INFO] (Minecraft) Created: 256x256x4 minecraft:textures/atlas/signs.png-atlas
[17:47:48] [Render thread/INFO] (Minecraft) Created: 512x512x4 minecraft:textures/atlas/shield_patterns.png-atlas
[17:47:48] [Render thread/INFO] (Minecraft) Created: 512x512x4 minecraft:textures/atlas/banner_patterns.png-atlas
[17:47:48] [Render thread/INFO] (Minecraft) Created: 1024x1024x4 minecraft:textures/atlas/armor_trims.png-atlas
[17:47:48] [Render thread/INFO] (Minecraft) Created: 128x64x4 minecraft:textures/atlas/decorated_pot.png-atlas
[17:47:48] [Render thread/INFO] (Minecraft) Created: 256x256x4 minecraft:textures/atlas/chest.png-atlas
[17:47:48] [Render thread/INFO] (Minecraft) Created: 512x256x4 minecraft:textures/atlas/shulker_boxes.png-atlas
[17:47:48] [Render thread/INFO] (Minecraft) Created: 512x256x4 minecraft:textures/atlas/beds.png-atlas
[17:47:48] [Render thread/WARN] (Minecraft) Shader rendertype_entity_translucent_emissive could not find sampler named Sampler2 in the specified shader program.
[17:47:48] [Render thread/INFO] (Minecraft) Created: 256x256x0 minecraft:textures/atlas/particles.png-atlas
[17:47:48] [Render thread/INFO] (Minecraft) Created: 256x256x0 minecraft:textures/atlas/paintings.png-atlas
[17:47:48] [Render thread/INFO] (Minecraft) Created: 128x128x0 minecraft:textures/atlas/mob_effects.png-atlas
[17:48:06] [Render thread/INFO] (Minecraft) Loaded 7 recipes
[17:48:06] [Render thread/INFO] (Minecraft) Loaded 1271 advancements
[17:48:06] [Render thread/INFO] (BiomeModificationImpl) Applied 0 biome modifications to 0 of 64 new biomes in 723.8 μs
[17:48:06] [Server thread/INFO] (Minecraft) Starting integrated minecraft server version 1.20.1
[17:48:06] [Server thread/INFO] (Minecraft) Generating keypair
[17:48:07] [Server thread/INFO] (Minecraft) Preparing start region for dimension minecraft:overworld
[17:48:08] [Render thread/INFO] (Minecraft) Preparing spawn area: 0%
[17:48:08] [Render thread/INFO] (Minecraft) Preparing spawn area: 0%
[17:48:08] [Render thread/INFO] (Minecraft) Preparing spawn area: 0%
[17:48:09] [Render thread/INFO] (Minecraft) Preparing spawn area: 88%
[17:48:09] [Render thread/INFO] (Minecraft) Time elapsed: 1530 ms
[17:48:09] [Server thread/INFO] (Minecraft) Changing view distance to 12, from 10
[17:48:09] [Server thread/INFO] (Minecraft) Changing simulation distance to 12, from 0
[17:48:09] [Server thread/INFO] (Minecraft) Player287[local:E:df877e8e] logged in with entity id 275 at (13.05876576745435, 79.91347775023647, -0.7619640020809714)
[17:48:09] [Server thread/INFO] (Minecraft) Player287 joined the game
[17:48:09] [Render thread/INFO] (Minecraft) Loaded 2 advancements
[17:52:29] [Server thread/INFO] (Minecraft) Saving and pausing game...
[17:52:29] [Server thread/INFO] (Minecraft) Saving chunks for level 'ServerLevel[New World]'/minecraft:overworld
[17:52:29] [Server thread/INFO] (Minecraft) Saving chunks for level 'ServerLevel[New World]'/minecraft:the_end
[17:52:29] [Server thread/INFO] (Minecraft) Saving chunks for level 'ServerLevel[New World]'/minecraft:the_nether
[17:52:29] [Server thread/INFO] (Minecraft) Player287 lost connection: Disconnected
[17:52:29] [Server thread/INFO] (Minecraft) Player287 left the game
[17:52:29] [Server thread/INFO] (Minecraft) Stopping singleplayer server as player logged out
[17:52:29] [Server thread/INFO] (Minecraft) Stopping server
[17:52:29] [Server thread/INFO] (Minecraft) Saving players
[17:52:29] [Server thread/INFO] (Minecraft) Saving worlds
[17:52:30] [Server thread/INFO] (Minecraft) Saving chunks for level 'ServerLevel[New World]'/minecraft:overworld
[17:52:30] [Server thread/INFO] (Minecraft) Saving chunks for level 'ServerLevel[New World]'/minecraft:the_end
[17:52:30] [Server thread/INFO] (Minecraft) Saving chunks for level 'ServerLevel[New World]'/minecraft:the_nether
[17:52:30] [Server thread/INFO] (Minecraft) ThreadedAnvilChunkStorage (New World (1)): All chunks are saved
[17:52:30] [Server thread/INFO] (Minecraft) ThreadedAnvilChunkStorage (DIM1): All chunks are saved
[17:52:30] [Server thread/INFO] (Minecraft) ThreadedAnvilChunkStorage (DIM-1): All chunks are saved
[17:52:30] [Server thread/INFO] (Minecraft) ThreadedAnvilChunkStorage: All dimensions are saved
[17:52:30] [Render thread/INFO] (Minecraft) Stopping!
